Command line invocation:
    /Applications/Xcode.app/Contents/Developer/usr/bin/xcodebuild build -scheme BrailleTranslatorApp -destination "generic/platform=iOS Simulator"

ComputePackagePrebuildTargetDependencyGraph

Prepare packages

CreateBuildRequest

SendProjectDescription

CreateBuildOperation

ComputeTargetDependencyGraph
note: Building targets in dependency order
note: Target dependency graph (1 target)
    Target 'BrailleTranslatorApp' in project 'BrailleTranslatorApp' (no dependencies)

GatherProvisioningInputs

CreateBuildDescription

ExecuteExternalTool /Applications/Xcode.app/Contents/Developer/Toolchains/XcodeDefault.xctoolchain/usr/bin/clang -v -E -dM -isysroot /Applications/Xcode.app/Contents/Developer/Platforms/iPhoneSimulator.platform/Developer/SDKs/iPhoneSimulator26.0.sdk -x c -c /dev/null

ExecuteExternalTool /Applications/Xcode.app/Contents/Developer/usr/bin/actool --print-asset-tag-combinations --output-format xml1 /Users/juks86/Desktop/untitled folder/practice/BrailleTranslatorApp/BrailleTranslatorApp/Assets.xcassets

ExecuteExternalTool /Applications/Xcode.app/Contents/Developer/usr/bin/actool --version --output-format xml1

ExecuteExternalTool /Applications/Xcode.app/Contents/Developer/Toolchains/XcodeDefault.xctoolchain/usr/bin/swiftc --version

ExecuteExternalTool /Applications/Xcode.app/Contents/Developer/Toolchains/XcodeDefault.xctoolchain/usr/bin/ld -version_details

Build description signature: 00080b84a08e0686c3dd61fa369b76f4
Build description path: /Users/juks86/Desktop/쓰레기파일/BrailleTranslatorApp-gzubrdlmykeqwyezkaomvwdgvpvf/Build/Intermediates.noindex/XCBuildData/00080b84a08e0686c3dd61fa369b76f4.xcbuilddata
ProcessProductPackaging "" /Users/juks86/Desktop/쓰레기파일/BrailleTranslatorApp-gzubrdlmykeqwyezkaomvwdgvpvf/Build/Intermediates.noindex/BrailleTranslatorApp.build/Debug-iphonesimulator/BrailleTranslatorApp.build/BrailleTranslatorApp.app-Simulated.xcent (in target 'BrailleTranslatorApp' from project 'BrailleTranslatorApp')
    cd /Users/juks86/Desktop/untitled\ folder/practice/BrailleTranslatorApp
    
    Entitlements:
    
    {
    "application-identifier" = "K6YYVL2C5Z.com.giseung.BrailleTranslatorApp";
}
    
    builtin-productPackagingUtility -entitlements -format xml -o /Users/juks86/Desktop/쓰레기파일/BrailleTranslatorApp-gzubrdlmykeqwyezkaomvwdgvpvf/Build/Intermediates.noindex/BrailleTranslatorApp.build/Debug-iphonesimulator/BrailleTranslatorApp.build/BrailleTranslatorApp.app-Simulated.xcent

ProcessProductPackagingDER /Users/juks86/Desktop/쓰레기파일/BrailleTranslatorApp-gzubrdlmykeqwyezkaomvwdgvpvf/Build/Intermediates.noindex/BrailleTranslatorApp.build/Debug-iphonesimulator/BrailleTranslatorApp.build/BrailleTranslatorApp.app-Simulated.xcent /Users/juks86/Desktop/쓰레기파일/BrailleTranslatorApp-gzubrdlmykeqwyezkaomvwdgvpvf/Build/Intermediates.noindex/BrailleTranslatorApp.build/Debug-iphonesimulator/BrailleTranslatorApp.build/BrailleTranslatorApp.app-Simulated.xcent.der (in target 'BrailleTranslatorApp' from project 'BrailleTranslatorApp')
    cd /Users/juks86/Desktop/untitled\ folder/practice/BrailleTranslatorApp
    /usr/bin/derq query -f xml -i /Users/juks86/Desktop/쓰레기파일/BrailleTranslatorApp-gzubrdlmykeqwyezkaomvwdgvpvf/Build/Intermediates.noindex/BrailleTranslatorApp.build/Debug-iphonesimulator/BrailleTranslatorApp.build/BrailleTranslatorApp.app-Simulated.xcent -o /Users/juks86/Desktop/쓰레기파일/BrailleTranslatorApp-gzubrdlmykeqwyezkaomvwdgvpvf/Build/Intermediates.noindex/BrailleTranslatorApp.build/Debug-iphonesimulator/BrailleTranslatorApp.build/BrailleTranslatorApp.app-Simulated.xcent.der --raw

ClangStatCache /Applications/Xcode.app/Contents/Developer/Toolchains/XcodeDefault.xctoolchain/usr/bin/clang-stat-cache /Applications/Xcode.app/Contents/Developer/Platforms/iPhoneSimulator.platform/Developer/SDKs/iPhoneSimulator26.0.sdk /Users/juks86/Desktop/쓰레기파일/SDKStatCaches.noindex/iphonesimulator26.0-23A339-26257891a6c027eb51374368541b8346.sdkstatcache
    cd /Users/juks86/Desktop/untitled\ folder/practice/BrailleTranslatorApp/BrailleTranslatorApp.xcodeproj
    /Applications/Xcode.app/Contents/Developer/Toolchains/XcodeDefault.xctoolchain/usr/bin/clang-stat-cache /Applications/Xcode.app/Contents/Developer/Platforms/iPhoneSimulator.platform/Developer/SDKs/iPhoneSimulator26.0.sdk -o /Users/juks86/Desktop/쓰레기파일/SDKStatCaches.noindex/iphonesimulator26.0-23A339-26257891a6c027eb51374368541b8346.sdkstatcache

Ld /Users/juks86/Desktop/쓰레기파일/BrailleTranslatorApp-gzubrdlmykeqwyezkaomvwdgvpvf/Build/Intermediates.noindex/BrailleTranslatorApp.build/Debug-iphonesimulator/BrailleTranslatorApp.build/Objects-normal/arm64/Binary/BrailleTranslatorApp.debug.dylib normal arm64 (in target 'BrailleTranslatorApp' from project 'BrailleTranslatorApp')
    cd /Users/juks86/Desktop/untitled\ folder/practice/BrailleTranslatorApp
    /Applications/Xcode.app/Contents/Developer/Toolchains/XcodeDefault.xctoolchain/usr/bin/clang -Xlinker -reproducible -target arm64-apple-ios26.0-simulator -dynamiclib -isysroot /Applications/Xcode.app/Contents/Developer/Platforms/iPhoneSimulator.platform/Developer/SDKs/iPhoneSimulator26.0.sdk -O0 -L/Users/juks86/Desktop/쓰레기파일/BrailleTranslatorApp-gzubrdlmykeqwyezkaomvwdgvpvf/Build/Intermediates.noindex/EagerLinkingTBDs/Debug-iphonesimulator -L/Users/juks86/Desktop/쓰레기파일/BrailleTranslatorApp-gzubrdlmykeqwyezkaomvwdgvpvf/Build/Products/Debug-iphonesimulator -F/Users/juks86/Desktop/쓰레기파일/BrailleTranslatorApp-gzubrdlmykeqwyezkaomvwdgvpvf/Build/Intermediates.noindex/EagerLinkingTBDs/Debug-iphonesimulator -F/Users/juks86/Desktop/쓰레기파일/BrailleTranslatorApp-gzubrdlmykeqwyezkaomvwdgvpvf/Build/Products/Debug-iphonesimulator -filelist /Users/juks86/Desktop/쓰레기파일/BrailleTranslatorApp-gzubrdlmykeqwyezkaomvwdgvpvf/Build/Intermediates.noindex/BrailleTranslatorApp.build/Debug-iphonesimulator/BrailleTranslatorApp.build/Objects-normal/arm64/BrailleTranslatorApp.LinkFileList -install_name @rpath/BrailleTranslatorApp.debug.dylib -Xlinker -rpath -Xlinker @executable_path/Frameworks -dead_strip -Xlinker -object_path_lto -Xlinker /Users/juks86/Desktop/쓰레기파일/BrailleTranslatorApp-gzubrdlmykeqwyezkaomvwdgvpvf/Build/Intermediates.noindex/BrailleTranslatorApp.build/Debug-iphonesimulator/BrailleTranslatorApp.build/Objects-normal/arm64/BrailleTranslatorApp_lto.o -rdynamic -Xlinker -no_deduplicate -Xlinker -objc_abi_version -Xlinker 2 -Xlinker -debug_variant -Xlinker -dependency_info -Xlinker /Users/juks86/Desktop/쓰레기파일/BrailleTranslatorApp-gzubrdlmykeqwyezkaomvwdgvpvf/Build/Intermediates.noindex/BrailleTranslatorApp.build/Debug-iphonesimulator/BrailleTranslatorApp.build/Objects-normal/arm64/BrailleTranslatorApp_dependency_info.dat -fobjc-link-runtime -fprofile-instr-generate -L/Applications/Xcode.app/Contents/Developer/Toolchains/XcodeDefault.xctoolchain/usr/lib/swift/iphonesimulator -L/usr/lib/swift -Xlinker -add_ast_path -Xlinker /Users/juks86/Desktop/쓰레기파일/BrailleTranslatorApp-gzubrdlmykeqwyezkaomvwdgvpvf/Build/Intermediates.noindex/BrailleTranslatorApp.build/Debug-iphonesimulator/BrailleTranslatorApp.build/Objects-normal/arm64/BrailleTranslatorApp.swiftmodule @/Users/juks86/Desktop/쓰레기파일/BrailleTranslatorApp-gzubrdlmykeqwyezkaomvwdgvpvf/Build/Intermediates.noindex/BrailleTranslatorApp.build/Debug-iphonesimulator/BrailleTranslatorApp.build/Objects-normal/arm64/BrailleTranslatorApp-linker-args.resp -Xlinker -alias -Xlinker _main -Xlinker ___debug_main_executable_dylib_entry_point -Xlinker -no_adhoc_codesign -o /Users/juks86/Desktop/쓰레기파일/BrailleTranslatorApp-gzubrdlmykeqwyezkaomvwdgvpvf/Build/Intermediates.noindex/BrailleTranslatorApp.build/Debug-iphonesimulator/BrailleTranslatorApp.build/Objects-normal/arm64/Binary/BrailleTranslatorApp.debug.dylib

ProcessInfoPlistFile /Users/juks86/Desktop/쓰레기파일/BrailleTranslatorApp-gzubrdlmykeqwyezkaomvwdgvpvf/Build/Products/Debug-iphonesimulator/BrailleTranslatorApp.app/Info.plist /Users/juks86/Desktop/쓰레기파일/BrailleTranslatorApp-gzubrdlmykeqwyezkaomvwdgvpvf/Build/Intermediates.noindex/BrailleTranslatorApp.build/Debug-iphonesimulator/BrailleTranslatorApp.build/empty-BrailleTranslatorApp.plist (in target 'BrailleTranslatorApp' from project 'BrailleTranslatorApp')
    cd /Users/juks86/Desktop/untitled\ folder/practice/BrailleTranslatorApp
    builtin-infoPlistUtility /Users/juks86/Desktop/쓰레기파일/BrailleTranslatorApp-gzubrdlmykeqwyezkaomvwdgvpvf/Build/Intermediates.noindex/BrailleTranslatorApp.build/Debug-iphonesimulator/BrailleTranslatorApp.build/empty-BrailleTranslatorApp.plist -producttype com.apple.product-type.application -genpkginfo /Users/juks86/Desktop/쓰레기파일/BrailleTranslatorApp-gzubrdlmykeqwyezkaomvwdgvpvf/Build/Products/Debug-iphonesimulator/BrailleTranslatorApp.app/PkgInfo -expandbuildsettings -format binary -platform iphonesimulator -additionalcontentfile /Users/juks86/Desktop/쓰레기파일/BrailleTranslatorApp-gzubrdlmykeqwyezkaomvwdgvpvf/Build/Intermediates.noindex/BrailleTranslatorApp.build/Debug-iphonesimulator/BrailleTranslatorApp.build/assetcatalog_generated_info.plist -o /Users/juks86/Desktop/쓰레기파일/BrailleTranslatorApp-gzubrdlmykeqwyezkaomvwdgvpvf/Build/Products/Debug-iphonesimulator/BrailleTranslatorApp.app/Info.plist

ConstructStubExecutorLinkFileList /Users/juks86/Desktop/쓰레기파일/BrailleTranslatorApp-gzubrdlmykeqwyezkaomvwdgvpvf/Build/Intermediates.noindex/BrailleTranslatorApp.build/Debug-iphonesimulator/BrailleTranslatorApp.build/BrailleTranslatorApp-ExecutorLinkFileList-normal-arm64.txt (in target 'BrailleTranslatorApp' from project 'BrailleTranslatorApp')
    cd /Users/juks86/Desktop/untitled\ folder/practice/BrailleTranslatorApp
    construct-stub-executor-link-file-list /Users/juks86/Desktop/쓰레기파일/BrailleTranslatorApp-gzubrdlmykeqwyezkaomvwdgvpvf/Build/Intermediates.noindex/BrailleTranslatorApp.build/Debug-iphonesimulator/BrailleTranslatorApp.build/Objects-normal/arm64/Binary/BrailleTranslatorApp.debug.dylib /Applications/Xcode.app/Contents/Developer/Platforms/iPhoneSimulator.platform/Developer/usr/lib/libPreviewsJITStubExecutor_no_swift_entry_point.a /Applications/Xcode.app/Contents/Developer/Platforms/iPhoneSimulator.platform/Developer/usr/lib/libPreviewsJITStubExecutor.a --output /Users/juks86/Desktop/쓰레기파일/BrailleTranslatorApp-gzubrdlmykeqwyezkaomvwdgvpvf/Build/Intermediates.noindex/BrailleTranslatorApp.build/Debug-iphonesimulator/BrailleTranslatorApp.build/BrailleTranslatorApp-ExecutorLinkFileList-normal-arm64.txt
note: Using stub executor library with Swift entry point. (in target 'BrailleTranslatorApp' from project 'BrailleTranslatorApp')

Ld /Users/juks86/Desktop/쓰레기파일/BrailleTranslatorApp-gzubrdlmykeqwyezkaomvwdgvpvf/Build/Intermediates.noindex/BrailleTranslatorApp.build/Debug-iphonesimulator/BrailleTranslatorApp.build/Objects-normal/arm64/Binary/BrailleTranslatorApp normal arm64 (in target 'BrailleTranslatorApp' from project 'BrailleTranslatorApp')
    cd /Users/juks86/Desktop/untitled\ folder/practice/BrailleTranslatorApp
    /Applications/Xcode.app/Contents/Developer/Toolchains/XcodeDefault.xctoolchain/usr/bin/clang -Xlinker -reproducible -target arm64-apple-ios26.0-simulator -isysroot /Applications/Xcode.app/Contents/Developer/Platforms/iPhoneSimulator.platform/Developer/SDKs/iPhoneSimulator26.0.sdk -O0 -L/Users/juks86/Desktop/쓰레기파일/BrailleTranslatorApp-gzubrdlmykeqwyezkaomvwdgvpvf/Build/Products/Debug-iphonesimulator -F/Users/juks86/Desktop/쓰레기파일/BrailleTranslatorApp-gzubrdlmykeqwyezkaomvwdgvpvf/Build/Products/Debug-iphonesimulator -Xlinker -rpath -Xlinker @executable_path -Xlinker -rpath -Xlinker @executable_path/Frameworks -rdynamic -Xlinker -no_deduplicate -Xlinker -objc_abi_version -Xlinker 2 -Xlinker -debug_variant -e ___debug_blank_executor_main -Xlinker -sectcreate -Xlinker __TEXT -Xlinker __debug_dylib -Xlinker /Users/juks86/Desktop/쓰레기파일/BrailleTranslatorApp-gzubrdlmykeqwyezkaomvwdgvpvf/Build/Intermediates.noindex/BrailleTranslatorApp.build/Debug-iphonesimulator/BrailleTranslatorApp.build/BrailleTranslatorApp-DebugDylibPath-normal-arm64.txt -Xlinker -sectcreate -Xlinker __TEXT -Xlinker __debug_instlnm -Xlinker /Users/juks86/Desktop/쓰레기파일/BrailleTranslatorApp-gzubrdlmykeqwyezkaomvwdgvpvf/Build/Intermediates.noindex/BrailleTranslatorApp.build/Debug-iphonesimulator/BrailleTranslatorApp.build/BrailleTranslatorApp-DebugDylibInstallName-normal-arm64.txt -Xlinker -filelist -Xlinker /Users/juks86/Desktop/쓰레기파일/BrailleTranslatorApp-gzubrdlmykeqwyezkaomvwdgvpvf/Build/Intermediates.noindex/BrailleTranslatorApp.build/Debug-iphonesimulator/BrailleTranslatorApp.build/BrailleTranslatorApp-ExecutorLinkFileList-normal-arm64.txt -Xlinker -sectcreate -Xlinker __TEXT -Xlinker __entitlements -Xlinker /Users/juks86/Desktop/쓰레기파일/BrailleTranslatorApp-gzubrdlmykeqwyezkaomvwdgvpvf/Build/Intermediates.noindex/BrailleTranslatorApp.build/Debug-iphonesimulator/BrailleTranslatorApp.build/BrailleTranslatorApp.app-Simulated.xcent -Xlinker -sectcreate -Xlinker __TEXT -Xlinker __ents_der -Xlinker /Users/juks86/Desktop/쓰레기파일/BrailleTranslatorApp-gzubrdlmykeqwyezkaomvwdgvpvf/Build/Intermediates.noindex/BrailleTranslatorApp.build/Debug-iphonesimulator/BrailleTranslatorApp.build/BrailleTranslatorApp.app-Simulated.xcent.der /Users/juks86/Desktop/쓰레기파일/BrailleTranslatorApp-gzubrdlmykeqwyezkaomvwdgvpvf/Build/Intermediates.noindex/BrailleTranslatorApp.build/Debug-iphonesimulator/BrailleTranslatorApp.build/Objects-normal/arm64/Binary/BrailleTranslatorApp.debug.dylib -Xlinker -no_adhoc_codesign -o /Users/juks86/Desktop/쓰레기파일/BrailleTranslatorApp-gzubrdlmykeqwyezkaomvwdgvpvf/Build/Intermediates.noindex/BrailleTranslatorApp.build/Debug-iphonesimulator/BrailleTranslatorApp.build/Objects-normal/arm64/Binary/BrailleTranslatorApp

Ld /Users/juks86/Desktop/쓰레기파일/BrailleTranslatorApp-gzubrdlmykeqwyezkaomvwdgvpvf/Build/Intermediates.noindex/BrailleTranslatorApp.build/Debug-iphonesimulator/BrailleTranslatorApp.build/Objects-normal/x86_64/Binary/BrailleTranslatorApp.debug.dylib normal x86_64 (in target 'BrailleTranslatorApp' from project 'BrailleTranslatorApp')
    cd /Users/juks86/Desktop/untitled\ folder/practice/BrailleTranslatorApp
    /Applications/Xcode.app/Contents/Developer/Toolchains/XcodeDefault.xctoolchain/usr/bin/clang -Xlinker -reproducible -target x86_64-apple-ios26.0-simulator -dynamiclib -isysroot /Applications/Xcode.app/Contents/Developer/Platforms/iPhoneSimulator.platform/Developer/SDKs/iPhoneSimulator26.0.sdk -O0 -L/Users/juks86/Desktop/쓰레기파일/BrailleTranslatorApp-gzubrdlmykeqwyezkaomvwdgvpvf/Build/Intermediates.noindex/EagerLinkingTBDs/Debug-iphonesimulator -L/Users/juks86/Desktop/쓰레기파일/BrailleTranslatorApp-gzubrdlmykeqwyezkaomvwdgvpvf/Build/Products/Debug-iphonesimulator -F/Users/juks86/Desktop/쓰레기파일/BrailleTranslatorApp-gzubrdlmykeqwyezkaomvwdgvpvf/Build/Intermediates.noindex/EagerLinkingTBDs/Debug-iphonesimulator -F/Users/juks86/Desktop/쓰레기파일/BrailleTranslatorApp-gzubrdlmykeqwyezkaomvwdgvpvf/Build/Products/Debug-iphonesimulator -filelist /Users/juks86/Desktop/쓰레기파일/BrailleTranslatorApp-gzubrdlmykeqwyezkaomvwdgvpvf/Build/Intermediates.noindex/BrailleTranslatorApp.build/Debug-iphonesimulator/BrailleTranslatorApp.build/Objects-normal/x86_64/BrailleTranslatorApp.LinkFileList -install_name @rpath/BrailleTranslatorApp.debug.dylib -Xlinker -rpath -Xlinker @executable_path/Frameworks -dead_strip -Xlinker -object_path_lto -Xlinker /Users/juks86/Desktop/쓰레기파일/BrailleTranslatorApp-gzubrdlmykeqwyezkaomvwdgvpvf/Build/Intermediates.noindex/BrailleTranslatorApp.build/Debug-iphonesimulator/BrailleTranslatorApp.build/Objects-normal/x86_64/BrailleTranslatorApp_lto.o -rdynamic -Xlinker -no_deduplicate -Xlinker -objc_abi_version -Xlinker 2 -Xlinker -debug_variant -Xlinker -dependency_info -Xlinker /Users/juks86/Desktop/쓰레기파일/BrailleTranslatorApp-gzubrdlmykeqwyezkaomvwdgvpvf/Build/Intermediates.noindex/BrailleTranslatorApp.build/Debug-iphonesimulator/BrailleTranslatorApp.build/Objects-normal/x86_64/BrailleTranslatorApp_dependency_info.dat -fobjc-link-runtime -fprofile-instr-generate -L/Applications/Xcode.app/Contents/Developer/Toolchains/XcodeDefault.xctoolchain/usr/lib/swift/iphonesimulator -L/usr/lib/swift -Xlinker -add_ast_path -Xlinker /Users/juks86/Desktop/쓰레기파일/BrailleTranslatorApp-gzubrdlmykeqwyezkaomvwdgvpvf/Build/Intermediates.noindex/BrailleTranslatorApp.build/Debug-iphonesimulator/BrailleTranslatorApp.build/Objects-normal/x86_64/BrailleTranslatorApp.swiftmodule @/Users/juks86/Desktop/쓰레기파일/BrailleTranslatorApp-gzubrdlmykeqwyezkaomvwdgvpvf/Build/Intermediates.noindex/BrailleTranslatorApp.build/Debug-iphonesimulator/BrailleTranslatorApp.build/Objects-normal/x86_64/BrailleTranslatorApp-linker-args.resp -Xlinker -alias -Xlinker _main -Xlinker ___debug_main_executable_dylib_entry_point -Xlinker -no_adhoc_codesign -o /Users/juks86/Desktop/쓰레기파일/BrailleTranslatorApp-gzubrdlmykeqwyezkaomvwdgvpvf/Build/Intermediates.noindex/BrailleTranslatorApp.build/Debug-iphonesimulator/BrailleTranslatorApp.build/Objects-normal/x86_64/Binary/BrailleTranslatorApp.debug.dylib

ConstructStubExecutorLinkFileList /Users/juks86/Desktop/쓰레기파일/BrailleTranslatorApp-gzubrdlmykeqwyezkaomvwdgvpvf/Build/Intermediates.noindex/BrailleTranslatorApp.build/Debug-iphonesimulator/BrailleTranslatorApp.build/BrailleTranslatorApp-ExecutorLinkFileList-normal-x86_64.txt (in target 'BrailleTranslatorApp' from project 'BrailleTranslatorApp')
    cd /Users/juks86/Desktop/untitled\ folder/practice/BrailleTranslatorApp
    construct-stub-executor-link-file-list /Users/juks86/Desktop/쓰레기파일/BrailleTranslatorApp-gzubrdlmykeqwyezkaomvwdgvpvf/Build/Intermediates.noindex/BrailleTranslatorApp.build/Debug-iphonesimulator/BrailleTranslatorApp.build/Objects-normal/x86_64/Binary/BrailleTranslatorApp.debug.dylib /Applications/Xcode.app/Contents/Developer/Platforms/iPhoneSimulator.platform/Developer/usr/lib/libPreviewsJITStubExecutor_no_swift_entry_point.a /Applications/Xcode.app/Contents/Developer/Platforms/iPhoneSimulator.platform/Developer/usr/lib/libPreviewsJITStubExecutor.a --output /Users/juks86/Desktop/쓰레기파일/BrailleTranslatorApp-gzubrdlmykeqwyezkaomvwdgvpvf/Build/Intermediates.noindex/BrailleTranslatorApp.build/Debug-iphonesimulator/BrailleTranslatorApp.build/BrailleTranslatorApp-ExecutorLinkFileList-normal-x86_64.txt
note: Using stub executor library with Swift entry point. (in target 'BrailleTranslatorApp' from project 'BrailleTranslatorApp')

Ld /Users/juks86/Desktop/쓰레기파일/BrailleTranslatorApp-gzubrdlmykeqwyezkaomvwdgvpvf/Build/Intermediates.noindex/BrailleTranslatorApp.build/Debug-iphonesimulator/BrailleTranslatorApp.build/Objects-normal/x86_64/Binary/BrailleTranslatorApp normal x86_64 (in target 'BrailleTranslatorApp' from project 'BrailleTranslatorApp')
    cd /Users/juks86/Desktop/untitled\ folder/practice/BrailleTranslatorApp
    /Applications/Xcode.app/Contents/Developer/Toolchains/XcodeDefault.xctoolchain/usr/bin/clang -Xlinker -reproducible -target x86_64-apple-ios26.0-simulator -isysroot /Applications/Xcode.app/Contents/Developer/Platforms/iPhoneSimulator.platform/Developer/SDKs/iPhoneSimulator26.0.sdk -O0 -L/Users/juks86/Desktop/쓰레기파일/BrailleTranslatorApp-gzubrdlmykeqwyezkaomvwdgvpvf/Build/Products/Debug-iphonesimulator -F/Users/juks86/Desktop/쓰레기파일/BrailleTranslatorApp-gzubrdlmykeqwyezkaomvwdgvpvf/Build/Products/Debug-iphonesimulator -Xlinker -rpath -Xlinker @executable_path -Xlinker -rpath -Xlinker @executable_path/Frameworks -rdynamic -Xlinker -no_deduplicate -Xlinker -objc_abi_version -Xlinker 2 -Xlinker -debug_variant -e ___debug_blank_executor_main -Xlinker -sectcreate -Xlinker __TEXT -Xlinker __debug_dylib -Xlinker /Users/juks86/Desktop/쓰레기파일/BrailleTranslatorApp-gzubrdlmykeqwyezkaomvwdgvpvf/Build/Intermediates.noindex/BrailleTranslatorApp.build/Debug-iphonesimulator/BrailleTranslatorApp.build/BrailleTranslatorApp-DebugDylibPath-normal-x86_64.txt -Xlinker -sectcreate -Xlinker __TEXT -Xlinker __debug_instlnm -Xlinker /Users/juks86/Desktop/쓰레기파일/BrailleTranslatorApp-gzubrdlmykeqwyezkaomvwdgvpvf/Build/Intermediates.noindex/BrailleTranslatorApp.build/Debug-iphonesimulator/BrailleTranslatorApp.build/BrailleTranslatorApp-DebugDylibInstallName-normal-x86_64.txt -Xlinker -filelist -Xlinker /Users/juks86/Desktop/쓰레기파일/BrailleTranslatorApp-gzubrdlmykeqwyezkaomvwdgvpvf/Build/Intermediates.noindex/BrailleTranslatorApp.build/Debug-iphonesimulator/BrailleTranslatorApp.build/BrailleTranslatorApp-ExecutorLinkFileList-normal-x86_64.txt -Xlinker -sectcreate -Xlinker __TEXT -Xlinker __entitlements -Xlinker /Users/juks86/Desktop/쓰레기파일/BrailleTranslatorApp-gzubrdlmykeqwyezkaomvwdgvpvf/Build/Intermediates.noindex/BrailleTranslatorApp.build/Debug-iphonesimulator/BrailleTranslatorApp.build/BrailleTranslatorApp.app-Simulated.xcent -Xlinker -sectcreate -Xlinker __TEXT -Xlinker __ents_der -Xlinker /Users/juks86/Desktop/쓰레기파일/BrailleTranslatorApp-gzubrdlmykeqwyezkaomvwdgvpvf/Build/Intermediates.noindex/BrailleTranslatorApp.build/Debug-iphonesimulator/BrailleTranslatorApp.build/BrailleTranslatorApp.app-Simulated.xcent.der /Users/juks86/Desktop/쓰레기파일/BrailleTranslatorApp-gzubrdlmykeqwyezkaomvwdgvpvf/Build/Intermediates.noindex/BrailleTranslatorApp.build/Debug-iphonesimulator/BrailleTranslatorApp.build/Objects-normal/x86_64/Binary/BrailleTranslatorApp.debug.dylib -Xlinker -no_adhoc_codesign -o /Users/juks86/Desktop/쓰레기파일/BrailleTranslatorApp-gzubrdlmykeqwyezkaomvwdgvpvf/Build/Intermediates.noindex/BrailleTranslatorApp.build/Debug-iphonesimulator/BrailleTranslatorApp.build/Objects-normal/x86_64/Binary/BrailleTranslatorApp

CreateUniversalBinary /Users/juks86/Desktop/쓰레기파일/BrailleTranslatorApp-gzubrdlmykeqwyezkaomvwdgvpvf/Build/Products/Debug-iphonesimulator/BrailleTranslatorApp.app/BrailleTranslatorApp normal arm64\ x86_64 (in target 'BrailleTranslatorApp' from project 'BrailleTranslatorApp')
    cd /Users/juks86/Desktop/untitled\ folder/practice/BrailleTranslatorApp
    /Applications/Xcode.app/Contents/Developer/Toolchains/XcodeDefault.xctoolchain/usr/bin/lipo -create /Users/juks86/Desktop/쓰레기파일/BrailleTranslatorApp-gzubrdlmykeqwyezkaomvwdgvpvf/Build/Intermediates.noindex/BrailleTranslatorApp.build/Debug-iphonesimulator/BrailleTranslatorApp.build/Objects-normal/arm64/Binary/BrailleTranslatorApp /Users/juks86/Desktop/쓰레기파일/BrailleTranslatorApp-gzubrdlmykeqwyezkaomvwdgvpvf/Build/Intermediates.noindex/BrailleTranslatorApp.build/Debug-iphonesimulator/BrailleTranslatorApp.build/Objects-normal/x86_64/Binary/BrailleTranslatorApp -output /Users/juks86/Desktop/쓰레기파일/BrailleTranslatorApp-gzubrdlmykeqwyezkaomvwdgvpvf/Build/Products/Debug-iphonesimulator/BrailleTranslatorApp.app/BrailleTranslatorApp

CreateUniversalBinary /Users/juks86/Desktop/쓰레기파일/BrailleTranslatorApp-gzubrdlmykeqwyezkaomvwdgvpvf/Build/Products/Debug-iphonesimulator/BrailleTranslatorApp.app/BrailleTranslatorApp.debug.dylib normal arm64\ x86_64 (in target 'BrailleTranslatorApp' from project 'BrailleTranslatorApp')
    cd /Users/juks86/Desktop/untitled\ folder/practice/BrailleTranslatorApp
    /Applications/Xcode.app/Contents/Developer/Toolchains/XcodeDefault.xctoolchain/usr/bin/lipo -create /Users/juks86/Desktop/쓰레기파일/BrailleTranslatorApp-gzubrdlmykeqwyezkaomvwdgvpvf/Build/Intermediates.noindex/BrailleTranslatorApp.build/Debug-iphonesimulator/BrailleTranslatorApp.build/Objects-normal/arm64/Binary/BrailleTranslatorApp.debug.dylib /Users/juks86/Desktop/쓰레기파일/BrailleTranslatorApp-gzubrdlmykeqwyezkaomvwdgvpvf/Build/Intermediates.noindex/BrailleTranslatorApp.build/Debug-iphonesimulator/BrailleTranslatorApp.build/Objects-normal/x86_64/Binary/BrailleTranslatorApp.debug.dylib -output /Users/juks86/Desktop/쓰레기파일/BrailleTranslatorApp-gzubrdlmykeqwyezkaomvwdgvpvf/Build/Products/Debug-iphonesimulator/BrailleTranslatorApp.app/BrailleTranslatorApp.debug.dylib

ExtractAppIntentsMetadata (in target 'BrailleTranslatorApp' from project 'BrailleTranslatorApp')
    cd /Users/juks86/Desktop/untitled\ folder/practice/BrailleTranslatorApp
    /Applications/Xcode.app/Contents/Developer/Toolchains/XcodeDefault.xctoolchain/usr/bin/appintentsmetadataprocessor --toolchain-dir /Applications/Xcode.app/Contents/Developer/Toolchains/XcodeDefault.xctoolchain --module-name BrailleTranslatorApp --sdk-root /Applications/Xcode.app/Contents/Developer/Platforms/iPhoneSimulator.platform/Developer/SDKs/iPhoneSimulator26.0.sdk --xcode-version 17A324 --platform-family iOS --deployment-target 26.0 --bundle-identifier com.giseung.BrailleTranslatorApp --output /Users/juks86/Desktop/쓰레기파일/BrailleTranslatorApp-gzubrdlmykeqwyezkaomvwdgvpvf/Build/Products/Debug-iphonesimulator/BrailleTranslatorApp.app --target-triple arm64-apple-ios26.0-simulator --target-triple x86_64-apple-ios26.0-simulator --binary-file /Users/juks86/Desktop/쓰레기파일/BrailleTranslatorApp-gzubrdlmykeqwyezkaomvwdgvpvf/Build/Products/Debug-iphonesimulator/BrailleTranslatorApp.app/BrailleTranslatorApp --dependency-file /Users/juks86/Desktop/쓰레기파일/BrailleTranslatorApp-gzubrdlmykeqwyezkaomvwdgvpvf/Build/Intermediates.noindex/BrailleTranslatorApp.build/Debug-iphonesimulator/BrailleTranslatorApp.build/Objects-normal/arm64/BrailleTranslatorApp_dependency_info.dat --dependency-file /Users/juks86/Desktop/쓰레기파일/BrailleTranslatorApp-gzubrdlmykeqwyezkaomvwdgvpvf/Build/Intermediates.noindex/BrailleTranslatorApp.build/Debug-iphonesimulator/BrailleTranslatorApp.build/Objects-normal/x86_64/BrailleTranslatorApp_dependency_info.dat --stringsdata-file /Users/juks86/Desktop/쓰레기파일/BrailleTranslatorApp-gzubrdlmykeqwyezkaomvwdgvpvf/Build/Intermediates.noindex/BrailleTranslatorApp.build/Debug-iphonesimulator/BrailleTranslatorApp.build/Objects-normal/arm64/ExtractedAppShortcutsMetadata.stringsdata --stringsdata-file /Users/juks86/Desktop/쓰레기파일/BrailleTranslatorApp-gzubrdlmykeqwyezkaomvwdgvpvf/Build/Intermediates.noindex/BrailleTranslatorApp.build/Debug-iphonesimulator/BrailleTranslatorApp.build/Objects-normal/x86_64/ExtractedAppShortcutsMetadata.stringsdata --source-file-list /Users/juks86/Desktop/쓰레기파일/BrailleTranslatorApp-gzubrdlmykeqwyezkaomvwdgvpvf/Build/Intermediates.noindex/BrailleTranslatorApp.build/Debug-iphonesimulator/BrailleTranslatorApp.build/Objects-normal/arm64/BrailleTranslatorApp.SwiftFileList --source-file-list /Users/juks86/Desktop/쓰레기파일/BrailleTranslatorApp-gzubrdlmykeqwyezkaomvwdgvpvf/Build/Intermediates.noindex/BrailleTranslatorApp.build/Debug-iphonesimulator/BrailleTranslatorApp.build/Objects-normal/x86_64/BrailleTranslatorApp.SwiftFileList --metadata-file-list /Users/juks86/Desktop/쓰레기파일/BrailleTranslatorApp-gzubrdlmykeqwyezkaomvwdgvpvf/Build/Intermediates.noindex/BrailleTranslatorApp.build/Debug-iphonesimulator/BrailleTranslatorApp.build/BrailleTranslatorApp.DependencyMetadataFileList --static-metadata-file-list /Users/juks86/Desktop/쓰레기파일/BrailleTranslatorApp-gzubrdlmykeqwyezkaomvwdgvpvf/Build/Intermediates.noindex/BrailleTranslatorApp.build/Debug-iphonesimulator/BrailleTranslatorApp.build/BrailleTranslatorApp.DependencyStaticMetadataFileList --swift-const-vals-list /Users/juks86/Desktop/쓰레기파일/BrailleTranslatorApp-gzubrdlmykeqwyezkaomvwdgvpvf/Build/Intermediates.noindex/BrailleTranslatorApp.build/Debug-iphonesimulator/BrailleTranslatorApp.build/Objects-normal/arm64/BrailleTranslatorApp.SwiftConstValuesFileList --swift-const-vals-list /Users/juks86/Desktop/쓰레기파일/BrailleTranslatorApp-gzubrdlmykeqwyezkaomvwdgvpvf/Build/Intermediates.noindex/BrailleTranslatorApp.build/Debug-iphonesimulator/BrailleTranslatorApp.build/Objects-normal/x86_64/BrailleTranslatorApp.SwiftConstValuesFileList --compile-time-extraction --deployment-aware-processing --validate-assistant-intents --no-app-shortcuts-localization
2026-04-19 21:49:46.181 appintentsmetadataprocessor[12012:181121] Starting appintentsmetadataprocessor export
2026-04-19 21:49:46.184 appintentsmetadataprocessor[12012:181121] warning: Metadata extraction skipped. No AppIntents.framework dependency found.

CopySwiftLibs /Users/juks86/Desktop/쓰레기파일/BrailleTranslatorApp-gzubrdlmykeqwyezkaomvwdgvpvf/Build/Products/Debug-iphonesimulator/BrailleTranslatorApp.app (in target 'BrailleTranslatorApp' from project 'BrailleTranslatorApp')
    cd /Users/juks86/Desktop/untitled\ folder/practice/BrailleTranslatorApp
    builtin-swiftStdLibTool --copy --verbose --sign - --scan-executable /Users/juks86/Desktop/쓰레기파일/BrailleTranslatorApp-gzubrdlmykeqwyezkaomvwdgvpvf/Build/Products/Debug-iphonesimulator/BrailleTranslatorApp.app/BrailleTranslatorApp.debug.dylib --scan-folder /Users/juks86/Desktop/쓰레기파일/BrailleTranslatorApp-gzubrdlmykeqwyezkaomvwdgvpvf/Build/Products/Debug-iphonesimulator/BrailleTranslatorApp.app/Frameworks --scan-folder /Users/juks86/Desktop/쓰레기파일/BrailleTranslatorApp-gzubrdlmykeqwyezkaomvwdgvpvf/Build/Products/Debug-iphonesimulator/BrailleTranslatorApp.app/PlugIns --scan-folder /Users/juks86/Desktop/쓰레기파일/BrailleTranslatorApp-gzubrdlmykeqwyezkaomvwdgvpvf/Build/Products/Debug-iphonesimulator/BrailleTranslatorApp.app/SystemExtensions --scan-folder /Users/juks86/Desktop/쓰레기파일/BrailleTranslatorApp-gzubrdlmykeqwyezkaomvwdgvpvf/Build/Products/Debug-iphonesimulator/BrailleTranslatorApp.app/Extensions --platform iphonesimulator --toolchain /Applications/Xcode.app/Contents/Developer/Toolchains/XcodeDefault.xctoolchain --destination /Users/juks86/Desktop/쓰레기파일/BrailleTranslatorApp-gzubrdlmykeqwyezkaomvwdgvpvf/Build/Products/Debug-iphonesimulator/BrailleTranslatorApp.app/Frameworks --strip-bitcode --strip-bitcode-tool /Applications/Xcode.app/Contents/Developer/Toolchains/XcodeDefault.xctoolchain/usr/bin/bitcode_strip --emit-dependency-info /Users/juks86/Desktop/쓰레기파일/BrailleTranslatorApp-gzubrdlmykeqwyezkaomvwdgvpvf/Build/Intermediates.noindex/BrailleTranslatorApp.build/Debug-iphonesimulator/BrailleTranslatorApp.build/SwiftStdLibToolInputDependencies.dep --filter-for-swift-os

CodeSign /Users/juks86/Desktop/쓰레기파일/BrailleTranslatorApp-gzubrdlmykeqwyezkaomvwdgvpvf/Build/Products/Debug-iphonesimulator/BrailleTranslatorApp.app/BrailleTranslatorApp.debug.dylib (in target 'BrailleTranslatorApp' from project 'BrailleTranslatorApp')
    cd /Users/juks86/Desktop/untitled\ folder/practice/BrailleTranslatorApp
    
    Signing Identity:     "Sign to Run Locally"
    
    /usr/bin/codesign --force --sign - --timestamp\=none --generate-entitlement-der /Users/juks86/Desktop/쓰레기파일/BrailleTranslatorApp-gzubrdlmykeqwyezkaomvwdgvpvf/Build/Products/Debug-iphonesimulator/BrailleTranslatorApp.app/BrailleTranslatorApp.debug.dylib

CodeSign /Users/juks86/Desktop/쓰레기파일/BrailleTranslatorApp-gzubrdlmykeqwyezkaomvwdgvpvf/Build/Products/Debug-iphonesimulator/BrailleTranslatorApp.app (in target 'BrailleTranslatorApp' from project 'BrailleTranslatorApp')
    cd /Users/juks86/Desktop/untitled\ folder/practice/BrailleTranslatorApp
    
    Signing Identity:     "Sign to Run Locally"
    
    /usr/bin/codesign --force --sign - --timestamp\=none --generate-entitlement-der /Users/juks86/Desktop/쓰레기파일/BrailleTranslatorApp-gzubrdlmykeqwyezkaomvwdgvpvf/Build/Products/Debug-iphonesimulator/BrailleTranslatorApp.app

Validate /Users/juks86/Desktop/쓰레기파일/BrailleTranslatorApp-gzubrdlmykeqwyezkaomvwdgvpvf/Build/Products/Debug-iphonesimulator/BrailleTranslatorApp.app (in target 'BrailleTranslatorApp' from project 'BrailleTranslatorApp')
    cd /Users/juks86/Desktop/untitled\ folder/practice/BrailleTranslatorApp
    builtin-validationUtility /Users/juks86/Desktop/쓰레기파일/BrailleTranslatorApp-gzubrdlmykeqwyezkaomvwdgvpvf/Build/Products/Debug-iphonesimulator/BrailleTranslatorApp.app -shallow-bundle -infoplist-subpath Info.plist

** BUILD SUCCEEDED **

